---
source: src/ldap/testing.rs
expression: actual
---
+-----------------+---------+
| qos             | name    |
+=================+=========+
| basic | default | Mr. X   |
+-----------------+---------+
|                 | example |
+-----------------+---------+

