---
source: src/slurm/commmand_builder.rs
expression: actual
---
- some_path/sacctmgr delete User somebody

