---
source: src/slurm/commmand_builder.rs
expression: actual
---
[
    Command {
        program: "some_path/sacctmgr",
        args: [
            "some_path/sacctmgr",
            "delete",
            "User",
            "somebody",
        ],
        create_pidfd: false,
    },
]
