---
source: usermgmt_lib/src/slurm/command_builder.rs
expression: actual
---
[
    "some_path/sacctmgr --parsable show assoc format=User%30,Account,DefaultQOS,QOS%80",
]
