---
source: usermgmt_lib/src/slurm/command_builder.rs
expression: actual
---
- some_path/sacctmgr delete User somebody
