---
source: usermgmt_lib/src/slurm/command_builder.rs
expression: actual
---
[
    "sacctmgr modify User somebody set DefaultQOS=basic QOS=basic,interactive",
]
