---
source: usermgmt_lib/src/slurm/commmand_builder.rs
expression: actual
---
- sacctmgr add User somebody Account=staff
- "sacctmgr modify User somebody set QOS=student,worker DefaultQOS=student"

