---
source: usermgmt_lib/src/slurm/command_builder.rs
expression: actual
---
- sacctmgr add User somebody Account=staff
- "sacctmgr modify User somebody set DefaultQOS=student QOS=student,worker"
