---
source: src/entity.rs
expression: actual
---
Err(
    "Given qos not_valid is none of the valid qoses",
)
